Traceback (most recent call last):
  File "/home/mb2412/TritonBench/performance_metrics/perf_T/./tmp/quantize_dynamic_perf.py", line 8, in <module>
    from quantize_dynamic import dynamic_custom
  File "/home/mb2412/TritonBench/data/TritonBench_T_v1/quantize_dynamic.py", line 69, in <module>
    test_results = test_quantize_dynamic()
                   ^^^^^^^^^^^^^^^^^^^^^^^
  File "/home/mb2412/TritonBench/data/TritonBench_T_v1/quantize_dynamic.py", line 40, in test_quantize_dynamic
    model = SimpleModel().cuda()
            ^^^^^^^^^^^^^^^^^^^^
  File "/home/mb2412/TritonBench/.venv/lib/python3.12/site-packages/torch/nn/modules/module.py", line 1050, in cuda
    return self._apply(lambda t: t.cuda(device))
           ^^^^^^^^^^^^^^^^^^^^^^^^^^^^^^^^^^^^^
  File "/home/mb2412/TritonBench/.venv/lib/python3.12/site-packages/torch/nn/modules/module.py", line 900, in _apply
    module._apply(fn)
  File "/home/mb2412/TritonBench/.venv/lib/python3.12/site-packages/torch/nn/modules/module.py", line 927, in _apply
    param_applied = fn(param)
                    ^^^^^^^^^
  File "/home/mb2412/TritonBench/.venv/lib/python3.12/site-packages/torch/nn/modules/module.py", line 1050, in <lambda>
    return self._apply(lambda t: t.cuda(device))
                                 ^^^^^^^^^^^^^^
  File "/home/mb2412/TritonBench/.venv/lib/python3.12/site-packages/torch/cuda/__init__.py", line 319, in _lazy_init
    torch._C._cuda_init()
RuntimeError: No CUDA GPUs are available
