Traceback (most recent call last):
  File "/home/mb2412/TritonBench/performance_metrics/perf_G/./tmp/matmul_kernel_perf.py", line 7, in <module>
    from matmul_kernel import matmul
  File "/home/mb2412/TritonBench/data/TritonBench_G_v1/matmul_kernel.py", line 78, in <module>
    result_gold = test_matmul()
                  ^^^^^^^^^^^^^
  File "/home/mb2412/TritonBench/data/TritonBench_G_v1/matmul_kernel.py", line 66, in test_matmul
    test_case_3 = matmul(c, a, b, M, N, K, BLOCK_SIZE_M, BLOCK_SIZE_N, BLOCK_SIZE_K)
                  ^^^^^^^^^^^^^^^^^^^^^^^^^^^^^^^^^^^^^^^^^^^^^^^^^^^^^^^^^^^^^^^^^^
  File "/home/mb2412/TritonBench/data/TritonBench_G_v1/matmul_kernel.py", line 40, in matmul
    matmul_kernel[triton.cdiv(M, BLOCK_SIZE_M), triton.cdiv(N, BLOCK_SIZE_N)](
  File "/home/mb2412/TritonBench/.venv/lib/python3.12/site-packages/triton/runtime/jit.py", line 345, in <lambda>
    return lambda *args, **kwargs: self.run(grid=grid, warmup=False, *args, **kwargs)
                                   ^^^^^^^^^^^^^^^^^^^^^^^^^^^^^^^^^^^^^^^^^^^^^^^^^^
  File "/home/mb2412/TritonBench/.venv/lib/python3.12/site-packages/triton/runtime/jit.py", line 691, in run
    kernel.run(grid_0, grid_1, grid_2, stream, kernel.function, kernel.packed_metadata, launch_metadata,
    ^^^^^^^^^^
  File "/home/mb2412/TritonBench/.venv/lib/python3.12/site-packages/triton/compiler/compiler.py", line 381, in __getattribute__
    self._init_handles()
  File "/home/mb2412/TritonBench/.venv/lib/python3.12/site-packages/triton/compiler/compiler.py", line 374, in _init_handles
    raise OutOfResources(self.metadata.shared, max_shared, "shared memory")
triton.runtime.errors.OutOfResources: out of resource: shared memory, Required: 131072, Hardware limit: 101376. Reducing block sizes or `num_stages` may help.
