FILE: data/TritonBench_G_v1/attn_fwd_causal.py

STDOUT:


STDERR:
Traceback (most recent call last):
  File "/home/mb2412/TritonBench/data/TritonBench_G_v1/attn_fwd_causal.py", line 176, in <module>
    result_gold = test_forward()
                  ^^^^^^^^^^^^^^
  File "/home/mb2412/TritonBench/data/TritonBench_G_v1/attn_fwd_causal.py", line 151, in test_forward
    output1 = forward(q, k, v, q_scale, k_scale)
              ^^^^^^^^^^^^^^^^^^^^^^^^^^^^^^^^^^
  File "/home/mb2412/TritonBench/data/TritonBench_G_v1/attn_fwd_causal.py", line 110, in forward
    _attn_fwd[grid](
  File "/home/mb2412/TritonBench/.venv/lib/python3.12/site-packages/triton/runtime/jit.py", line 345, in <lambda>
    return lambda *args, **kwargs: self.run(grid=grid, warmup=False, *args, **kwargs)
                                   ^^^^^^^^^^^^^^^^^^^^^^^^^^^^^^^^^^^^^^^^^^^^^^^^^^
  File "/home/mb2412/TritonBench/.venv/lib/python3.12/site-packages/triton/runtime/jit.py", line 691, in run
    kernel.run(grid_0, grid_1, grid_2, stream, kernel.function, kernel.packed_metadata, launch_metadata,
    ^^^^^^^^^^
  File "/home/mb2412/TritonBench/.venv/lib/python3.12/site-packages/triton/compiler/compiler.py", line 381, in __getattribute__
    self._init_handles()
  File "/home/mb2412/TritonBench/.venv/lib/python3.12/site-packages/triton/compiler/compiler.py", line 374, in _init_handles
    raise OutOfResources(self.metadata.shared, max_shared, "shared memory")
triton.runtime.errors.OutOfResources: out of resource: shared memory, Required: 131074, Hardware limit: 101376. Reducing block sizes or `num_stages` may help.
